Restore Archived Project report for simple_cpu
Thu Jun 05 23:13:46 2025
Quartus Prime Version 18.0.0 Build 614 04/24/2018 SJ Lite Edition


---------------------
; Table of Contents ;
---------------------
  1. Legal Notice
  2. Restore Archived Project Summary
  3. Restore Archived Project Messages
  4. Files Restored
  5. Files Not Restored



----------------
; Legal Notice ;
----------------
Copyright (C) 2018  Intel Corporation. All rights reserved.
Your use of Intel Corporation's design tools, logic functions 
and other software and tools, and its AMPP partner logic 
functions, and any output files from any of the foregoing 
(including device programming or simulation files), and any 
associated documentation or information are expressly subject 
to the terms and conditions of the Intel Program License 
Subscription Agreement, the Intel Quartus Prime License Agreement,
the Intel FPGA IP License Agreement, or other applicable license
agreement, including, without limitation, that your use is for
the sole purpose of programming logic devices manufactured by
Intel and sold by Intel or its authorized distributors.  Please
refer to the applicable agreement for further details.



+-------------------------------------------------------------------------+
; Restore Archived Project Summary                                        ;
+---------------------------------+---------------------------------------+
; Restore Archived Project Status ; Successful - Thu Jun 05 23:13:46 2025 ;
; Revision Name                   ; simple_cpu                            ;
; Top-level Entity Name           ; simple_cpu                            ;
; Family                          ; Cyclone V                             ;
+---------------------------------+---------------------------------------+


+-----------------------------------+
; Restore Archived Project Messages ;
+-----------------------------------+
Info: Successfully restored 'D:/FPGA_project/final/simple_cpu_test/simple_cpu_test_tmp_archive.qar' into the 'D:/FPGA_project/final/simple_cpu_test_copy/' directory
Info: Generated report 'simple_cpu.restore.rpt'


+-------------------------+
; Files Restored          ;
+-------------------------+
; File Name               ;
+-------------------------+
; qar_info.json           ;
; accumulator.v           ;
; alu.v                   ;
; ir_decoder.v            ;
; pc.v                    ;
; program.mif             ;
; ram.qip                 ;
; ram.v                   ;
; ram_bb.v                ;
; ram_inst.v              ;
; simple_cpu.qsf          ;
; simple_cpu.v            ;
; simple_cpu_test.qpf     ;
; assignment_defaults.qdf ;
+-------------------------+


+--------------------+
; Files Not Restored ;
+--------------------+
; File Name          ;
+--------------------+


